BATCHFP_HEADER rank=0 tag=train enabled=1 max_micro_batches=3 max_src=env grad_accum_steps=1 gas_src=args.training.gradient_accumulation_steps yield_index_resets_each_iter=true digest=sha256_bytes step_hint_is_framework_step=false note=noncomparable_diagnostic_run
BATCHFP_PASS rank=0 tag=train pass=1 note=yield_index_reset
BATCHFP rank=0 tag=train yield=1 micro_hint=1 step_hint=1 step_hint_src=derived_from_yield_index_gas1 step_hint_framework=false field=attention_mask dtype=torch.int64 shape=(4,1584) nbytes=50688 sha256=5086d931a5a6cf2104ac069129fe71207eb0ea015e0dd17aa11ed4f7c4683e20
BATCHFP rank=0 tag=train yield=1 micro_hint=1 step_hint=1 step_hint_src=derived_from_yield_index_gas1 step_hint_framework=false field=image_grid_thw dtype=torch.int64 shape=(16,3) nbytes=384 sha256=890e7d58a2d86d86f56bd7d6f6a72ec818dad4463ffcd1cf18aedee0c029b8df
BATCHFP rank=0 tag=train yield=1 micro_hint=1 step_hint=1 step_hint_src=derived_from_yield_index_gas1 step_hint_framework=false field=input_ids dtype=torch.int64 shape=(4,1584) nbytes=50688 sha256=5f8381704adc779380902465937c1ada2e48463ef2468ad39491558258bc361c
BATCHFP rank=0 tag=train yield=1 micro_hint=1 step_hint=1 step_hint_src=derived_from_yield_index_gas1 step_hint_framework=false field=labels dtype=torch.int64 shape=(4,1584) nbytes=50688 sha256=aa6cb7da75039434b3394063306c04031975657b2a9cc4cbcc24f88acc285e3d
BATCHFP rank=0 tag=train yield=1 micro_hint=1 step_hint=1 step_hint_src=derived_from_yield_index_gas1 step_hint_framework=false field=pixel_values dtype=torch.float32 shape=(16384,1536) nbytes=100663296 sha256=1c4191b3c28a04ac0db10c3450cea802909614e45f1f89d34108d77c950436b4
BATCHFP rank=0 tag=train yield=1 micro_hint=1 step_hint=1 step_hint_src=derived_from_yield_index_gas1 step_hint_framework=false field=position_ids dtype=torch.int64 shape=(3,4,1584) nbytes=152064 sha256=d1fc5e3c05dcd4ea5eda31b18a3e727da0b7291f8bdeca32a3f401438878d585
BATCHFP rank=0 tag=train yield=1 micro_hint=1 step_hint=1 step_hint_src=derived_from_yield_index_gas1 step_hint_framework=false field=rope_deltas dtype=torch.int64 shape=(4,1) nbytes=32 sha256=e85efef7512bccfb7636a64ca726539905c919d28548b2da94c4ead0d9641e82
BATCHFP_MICRO rank=0 tag=train yield=1 micro_hint=1 step_hint=1 step_hint_src=derived_from_yield_index_gas1 step_hint_framework=false nfields=7 keys=attention_mask,image_grid_thw,input_ids,labels,pixel_values,position_ids,rope_deltas batch_dtype=dict batch_shape=(n=7) sha256=6c07193cb379e55db16fa884b363a160cc1e69b4cbe363cdc16ee4e56ab93cd0
BATCHFP rank=0 tag=train yield=2 micro_hint=1 step_hint=2 step_hint_src=derived_from_yield_index_gas1 step_hint_framework=false field=attention_mask dtype=torch.int64 shape=(4,1584) nbytes=50688 sha256=5086d931a5a6cf2104ac069129fe71207eb0ea015e0dd17aa11ed4f7c4683e20
BATCHFP rank=0 tag=train yield=2 micro_hint=1 step_hint=2 step_hint_src=derived_from_yield_index_gas1 step_hint_framework=false field=image_grid_thw dtype=torch.int64 shape=(16,3) nbytes=384 sha256=890e7d58a2d86d86f56bd7d6f6a72ec818dad4463ffcd1cf18aedee0c029b8df
BATCHFP rank=0 tag=train yield=2 micro_hint=1 step_hint=2 step_hint_src=derived_from_yield_index_gas1 step_hint_framework=false field=input_ids dtype=torch.int64 shape=(4,1584) nbytes=50688 sha256=5f8381704adc779380902465937c1ada2e48463ef2468ad39491558258bc361c
BATCHFP rank=0 tag=train yield=2 micro_hint=1 step_hint=2 step_hint_src=derived_from_yield_index_gas1 step_hint_framework=false field=labels dtype=torch.int64 shape=(4,1584) nbytes=50688 sha256=aa6cb7da75039434b3394063306c04031975657b2a9cc4cbcc24f88acc285e3d
BATCHFP rank=0 tag=train yield=2 micro_hint=1 step_hint=2 step_hint_src=derived_from_yield_index_gas1 step_hint_framework=false field=pixel_values dtype=torch.float32 shape=(16384,1536) nbytes=100663296 sha256=1c4191b3c28a04ac0db10c3450cea802909614e45f1f89d34108d77c950436b4
BATCHFP rank=0 tag=train yield=2 micro_hint=1 step_hint=2 step_hint_src=derived_from_yield_index_gas1 step_hint_framework=false field=position_ids dtype=torch.int64 shape=(3,4,1584) nbytes=152064 sha256=d1fc5e3c05dcd4ea5eda31b18a3e727da0b7291f8bdeca32a3f401438878d585
BATCHFP rank=0 tag=train yield=2 micro_hint=1 step_hint=2 step_hint_src=derived_from_yield_index_gas1 step_hint_framework=false field=rope_deltas dtype=torch.int64 shape=(4,1) nbytes=32 sha256=e85efef7512bccfb7636a64ca726539905c919d28548b2da94c4ead0d9641e82
BATCHFP_MICRO rank=0 tag=train yield=2 micro_hint=1 step_hint=2 step_hint_src=derived_from_yield_index_gas1 step_hint_framework=false nfields=7 keys=attention_mask,image_grid_thw,input_ids,labels,pixel_values,position_ids,rope_deltas batch_dtype=dict batch_shape=(n=7) sha256=6c07193cb379e55db16fa884b363a160cc1e69b4cbe363cdc16ee4e56ab93cd0
BATCHFP rank=0 tag=train yield=3 micro_hint=1 step_hint=3 step_hint_src=derived_from_yield_index_gas1 step_hint_framework=false field=attention_mask dtype=torch.int64 shape=(4,1584) nbytes=50688 sha256=5086d931a5a6cf2104ac069129fe71207eb0ea015e0dd17aa11ed4f7c4683e20
BATCHFP rank=0 tag=train yield=3 micro_hint=1 step_hint=3 step_hint_src=derived_from_yield_index_gas1 step_hint_framework=false field=image_grid_thw dtype=torch.int64 shape=(16,3) nbytes=384 sha256=890e7d58a2d86d86f56bd7d6f6a72ec818dad4463ffcd1cf18aedee0c029b8df
BATCHFP rank=0 tag=train yield=3 micro_hint=1 step_hint=3 step_hint_src=derived_from_yield_index_gas1 step_hint_framework=false field=input_ids dtype=torch.int64 shape=(4,1584) nbytes=50688 sha256=5f8381704adc779380902465937c1ada2e48463ef2468ad39491558258bc361c
BATCHFP rank=0 tag=train yield=3 micro_hint=1 step_hint=3 step_hint_src=derived_from_yield_index_gas1 step_hint_framework=false field=labels dtype=torch.int64 shape=(4,1584) nbytes=50688 sha256=aa6cb7da75039434b3394063306c04031975657b2a9cc4cbcc24f88acc285e3d
BATCHFP rank=0 tag=train yield=3 micro_hint=1 step_hint=3 step_hint_src=derived_from_yield_index_gas1 step_hint_framework=false field=pixel_values dtype=torch.float32 shape=(16384,1536) nbytes=100663296 sha256=1c4191b3c28a04ac0db10c3450cea802909614e45f1f89d34108d77c950436b4
BATCHFP rank=0 tag=train yield=3 micro_hint=1 step_hint=3 step_hint_src=derived_from_yield_index_gas1 step_hint_framework=false field=position_ids dtype=torch.int64 shape=(3,4,1584) nbytes=152064 sha256=d1fc5e3c05dcd4ea5eda31b18a3e727da0b7291f8bdeca32a3f401438878d585
BATCHFP rank=0 tag=train yield=3 micro_hint=1 step_hint=3 step_hint_src=derived_from_yield_index_gas1 step_hint_framework=false field=rope_deltas dtype=torch.int64 shape=(4,1) nbytes=32 sha256=e85efef7512bccfb7636a64ca726539905c919d28548b2da94c4ead0d9641e82
BATCHFP_MICRO rank=0 tag=train yield=3 micro_hint=1 step_hint=3 step_hint_src=derived_from_yield_index_gas1 step_hint_framework=false nfields=7 keys=attention_mask,image_grid_thw,input_ids,labels,pixel_values,position_ids,rope_deltas batch_dtype=dict batch_shape=(n=7) sha256=6c07193cb379e55db16fa884b363a160cc1e69b4cbe363cdc16ee4e56ab93cd0
BATCHFP_TOTAL rank=0 tag=train pass=1 yielded=64 logged=3 skipped=61
BATCHFP_PASS rank=0 tag=train pass=2 note=yield_index_reset
BATCHFP rank=0 tag=train yield=1 micro_hint=1 step_hint=1 step_hint_src=derived_from_yield_index_gas1 step_hint_framework=false field=attention_mask dtype=torch.int64 shape=(4,1584) nbytes=50688 sha256=5086d931a5a6cf2104ac069129fe71207eb0ea015e0dd17aa11ed4f7c4683e20
BATCHFP rank=0 tag=train yield=1 micro_hint=1 step_hint=1 step_hint_src=derived_from_yield_index_gas1 step_hint_framework=false field=image_grid_thw dtype=torch.int64 shape=(16,3) nbytes=384 sha256=890e7d58a2d86d86f56bd7d6f6a72ec818dad4463ffcd1cf18aedee0c029b8df
BATCHFP rank=0 tag=train yield=1 micro_hint=1 step_hint=1 step_hint_src=derived_from_yield_index_gas1 step_hint_framework=false field=input_ids dtype=torch.int64 shape=(4,1584) nbytes=50688 sha256=5f8381704adc779380902465937c1ada2e48463ef2468ad39491558258bc361c
BATCHFP rank=0 tag=train yield=1 micro_hint=1 step_hint=1 step_hint_src=derived_from_yield_index_gas1 step_hint_framework=false field=labels dtype=torch.int64 shape=(4,1584) nbytes=50688 sha256=aa6cb7da75039434b3394063306c04031975657b2a9cc4cbcc24f88acc285e3d
BATCHFP rank=0 tag=train yield=1 micro_hint=1 step_hint=1 step_hint_src=derived_from_yield_index_gas1 step_hint_framework=false field=pixel_values dtype=torch.float32 shape=(16384,1536) nbytes=100663296 sha256=1c4191b3c28a04ac0db10c3450cea802909614e45f1f89d34108d77c950436b4
BATCHFP rank=0 tag=train yield=1 micro_hint=1 step_hint=1 step_hint_src=derived_from_yield_index_gas1 step_hint_framework=false field=position_ids dtype=torch.int64 shape=(3,4,1584) nbytes=152064 sha256=d1fc5e3c05dcd4ea5eda31b18a3e727da0b7291f8bdeca32a3f401438878d585
BATCHFP rank=0 tag=train yield=1 micro_hint=1 step_hint=1 step_hint_src=derived_from_yield_index_gas1 step_hint_framework=false field=rope_deltas dtype=torch.int64 shape=(4,1) nbytes=32 sha256=e85efef7512bccfb7636a64ca726539905c919d28548b2da94c4ead0d9641e82
BATCHFP_MICRO rank=0 tag=train yield=1 micro_hint=1 step_hint=1 step_hint_src=derived_from_yield_index_gas1 step_hint_framework=false nfields=7 keys=attention_mask,image_grid_thw,input_ids,labels,pixel_values,position_ids,rope_deltas batch_dtype=dict batch_shape=(n=7) sha256=6c07193cb379e55db16fa884b363a160cc1e69b4cbe363cdc16ee4e56ab93cd0
BATCHFP rank=0 tag=train yield=2 micro_hint=1 step_hint=2 step_hint_src=derived_from_yield_index_gas1 step_hint_framework=false field=attention_mask dtype=torch.int64 shape=(4,1584) nbytes=50688 sha256=5086d931a5a6cf2104ac069129fe71207eb0ea015e0dd17aa11ed4f7c4683e20
BATCHFP rank=0 tag=train yield=2 micro_hint=1 step_hint=2 step_hint_src=derived_from_yield_index_gas1 step_hint_framework=false field=image_grid_thw dtype=torch.int64 shape=(16,3) nbytes=384 sha256=890e7d58a2d86d86f56bd7d6f6a72ec818dad4463ffcd1cf18aedee0c029b8df
BATCHFP rank=0 tag=train yield=2 micro_hint=1 step_hint=2 step_hint_src=derived_from_yield_index_gas1 step_hint_framework=false field=input_ids dtype=torch.int64 shape=(4,1584) nbytes=50688 sha256=5f8381704adc779380902465937c1ada2e48463ef2468ad39491558258bc361c
BATCHFP rank=0 tag=train yield=2 micro_hint=1 step_hint=2 step_hint_src=derived_from_yield_index_gas1 step_hint_framework=false field=labels dtype=torch.int64 shape=(4,1584) nbytes=50688 sha256=aa6cb7da75039434b3394063306c04031975657b2a9cc4cbcc24f88acc285e3d
BATCHFP rank=0 tag=train yield=2 micro_hint=1 step_hint=2 step_hint_src=derived_from_yield_index_gas1 step_hint_framework=false field=pixel_values dtype=torch.float32 shape=(16384,1536) nbytes=100663296 sha256=1c4191b3c28a04ac0db10c3450cea802909614e45f1f89d34108d77c950436b4
BATCHFP rank=0 tag=train yield=2 micro_hint=1 step_hint=2 step_hint_src=derived_from_yield_index_gas1 step_hint_framework=false field=position_ids dtype=torch.int64 shape=(3,4,1584) nbytes=152064 sha256=d1fc5e3c05dcd4ea5eda31b18a3e727da0b7291f8bdeca32a3f401438878d585
BATCHFP rank=0 tag=train yield=2 micro_hint=1 step_hint=2 step_hint_src=derived_from_yield_index_gas1 step_hint_framework=false field=rope_deltas dtype=torch.int64 shape=(4,1) nbytes=32 sha256=e85efef7512bccfb7636a64ca726539905c919d28548b2da94c4ead0d9641e82
BATCHFP_MICRO rank=0 tag=train yield=2 micro_hint=1 step_hint=2 step_hint_src=derived_from_yield_index_gas1 step_hint_framework=false nfields=7 keys=attention_mask,image_grid_thw,input_ids,labels,pixel_values,position_ids,rope_deltas batch_dtype=dict batch_shape=(n=7) sha256=6c07193cb379e55db16fa884b363a160cc1e69b4cbe363cdc16ee4e56ab93cd0
BATCHFP rank=0 tag=train yield=3 micro_hint=1 step_hint=3 step_hint_src=derived_from_yield_index_gas1 step_hint_framework=false field=attention_mask dtype=torch.int64 shape=(4,1584) nbytes=50688 sha256=5086d931a5a6cf2104ac069129fe71207eb0ea015e0dd17aa11ed4f7c4683e20
BATCHFP rank=0 tag=train yield=3 micro_hint=1 step_hint=3 step_hint_src=derived_from_yield_index_gas1 step_hint_framework=false field=image_grid_thw dtype=torch.int64 shape=(16,3) nbytes=384 sha256=890e7d58a2d86d86f56bd7d6f6a72ec818dad4463ffcd1cf18aedee0c029b8df
BATCHFP rank=0 tag=train yield=3 micro_hint=1 step_hint=3 step_hint_src=derived_from_yield_index_gas1 step_hint_framework=false field=input_ids dtype=torch.int64 shape=(4,1584) nbytes=50688 sha256=5f8381704adc779380902465937c1ada2e48463ef2468ad39491558258bc361c
BATCHFP rank=0 tag=train yield=3 micro_hint=1 step_hint=3 step_hint_src=derived_from_yield_index_gas1 step_hint_framework=false field=labels dtype=torch.int64 shape=(4,1584) nbytes=50688 sha256=aa6cb7da75039434b3394063306c04031975657b2a9cc4cbcc24f88acc285e3d
BATCHFP rank=0 tag=train yield=3 micro_hint=1 step_hint=3 step_hint_src=derived_from_yield_index_gas1 step_hint_framework=false field=pixel_values dtype=torch.float32 shape=(16384,1536) nbytes=100663296 sha256=1c4191b3c28a04ac0db10c3450cea802909614e45f1f89d34108d77c950436b4
BATCHFP rank=0 tag=train yield=3 micro_hint=1 step_hint=3 step_hint_src=derived_from_yield_index_gas1 step_hint_framework=false field=position_ids dtype=torch.int64 shape=(3,4,1584) nbytes=152064 sha256=d1fc5e3c05dcd4ea5eda31b18a3e727da0b7291f8bdeca32a3f401438878d585
BATCHFP rank=0 tag=train yield=3 micro_hint=1 step_hint=3 step_hint_src=derived_from_yield_index_gas1 step_hint_framework=false field=rope_deltas dtype=torch.int64 shape=(4,1) nbytes=32 sha256=e85efef7512bccfb7636a64ca726539905c919d28548b2da94c4ead0d9641e82
BATCHFP_MICRO rank=0 tag=train yield=3 micro_hint=1 step_hint=3 step_hint_src=derived_from_yield_index_gas1 step_hint_framework=false nfields=7 keys=attention_mask,image_grid_thw,input_ids,labels,pixel_values,position_ids,rope_deltas batch_dtype=dict batch_shape=(n=7) sha256=6c07193cb379e55db16fa884b363a160cc1e69b4cbe363cdc16ee4e56ab93cd0
